// Jest Snapshot v1, https://goo.gl/fbAQLP

exports[`Modal Render snapshot 1`] = `
<div
  className="absolute top-0 left-0 w-screen h-screen"
>
  <div
    className="h-full max-w-full center bg-opacity-50 bg-white dark:bg-opacity-50 dark:bg-black"
    onClick={[Function]}
  >
    <div
      className="bg-white dark:bg-black rounded-md m-4"
      onClick={[Function]}
    >
      <div />
    </div>
  </div>
</div>
`;

exports[`Modal Render snapshot 2`] = `null`;
